1573512486438	mozrunner::runner	INFO	Running command: "C:\\Program Files\\Mozilla Firefox\\firefox.exe" "-marionette" "-headless" "-foreground" "-no-remote" "-profile" "C:\\Users\\Carlos\\AppData\\Local\\Temp\\rust_mozprofile.bg1V5yj4Qbxz"
*** You are running in headless mode.
1573512487234	addons.webextension.screenshots@mozilla.org	WARN	Loading extension 'screenshots@mozilla.org': Reading manifest: Invalid extension permission: mozillaAddons
1573512487234	addons.webextension.screenshots@mozilla.org	WARN	Loading extension 'screenshots@mozilla.org': Reading manifest: Invalid extension permission: telemetry
1573512487234	addons.webextension.screenshots@mozilla.org	WARN	Loading extension 'screenshots@mozilla.org': Reading manifest: Invalid extension permission: resource://pdf.js/
1573512487234	addons.webextension.screenshots@mozilla.org	WARN	Loading extension 'screenshots@mozilla.org': Reading manifest: Invalid extension permission: about:reader*
JavaScript error: resource://gre/modules/XULStore.jsm, line 66: Error: Can't find profile directory.
1573512488543	Marionette	INFO	Listening on port 61225
1573512488555	Marionette	WARN	TLS certificate errors will be ignored for this session
JavaScript warning: https://www.evobanco.com/_Incapsula_Resource?SWJIYLWA=719d34d31c8e3a6e6fffd425f7e032f3&ns=1&cb=370609134, line 1: unreachable code after return statement
JavaScript warning: https://www.evobanco.com/_Incapsula_Resource?SWJIYLWA=719d34d31c8e3a6e6fffd425f7e032f3&ns=1&cb=370609134, line 1: unreachable code after return statement
JavaScript warning: https://www.evobanco.com/_Incapsula_Resource?SWJIYLWA=719d34d31c8e3a6e6fffd425f7e032f3&ns=1&cb=370609134 line 1 > eval, line 1: unreachable code after return statement
1573512503605	mozrunner::runner	INFO	Running command: "C:\\Program Files\\Mozilla Firefox\\firefox.exe" "-marionette" "-headless" "-foreground" "-no-remote" "-profile" "C:\\Users\\Carlos\\AppData\\Local\\Temp\\rust_mozprofile.iuPLqAY5mlJo"
*** You are running in headless mode.
1573512503925	addons.webextension.screenshots@mozilla.org	WARN	Loading extension 'screenshots@mozilla.org': Reading manifest: Invalid extension permission: mozillaAddons
1573512503925	addons.webextension.screenshots@mozilla.org	WARN	Loading extension 'screenshots@mozilla.org': Reading manifest: Invalid extension permission: telemetry
1573512503925	addons.webextension.screenshots@mozilla.org	WARN	Loading extension 'screenshots@mozilla.org': Reading manifest: Invalid extension permission: resource://pdf.js/
1573512503925	addons.webextension.screenshots@mozilla.org	WARN	Loading extension 'screenshots@mozilla.org': Reading manifest: Invalid extension permission: about:reader*
JavaScript error: resource://gre/modules/XULStore.jsm, line 66: Error: Can't find profile directory.
1573512505064	Marionette	INFO	Listening on port 61344
1573512505219	Marionette	WARN	TLS certificate errors will be ignored for this session
JavaScript error: https://gum.criteo.com/sync?c=30&r=2&j=cr_handle_data_a, line 1: SecurityError: The operation is insecure.
JavaScript error: https://gum.criteo.com/sync?c=30&r=2&j=cr_handle_data_a, line 1: SecurityError: The operation is insecure.
JavaScript error: https://gum.criteo.com/sync?c=30&r=2&j=cr_handle_data_a, line 1: SecurityError: The operation is insecure.
JavaScript error: https://gum.criteo.com/sync?c=30&r=2&j=cr_handle_data_a, line 1: SecurityError: The operation is insecure.
JavaScript error: https://gum.criteo.com/sync?c=30&r=2&j=cr_handle_data_a, line 1: SecurityError: The operation is insecure.
JavaScript error: https://gum.criteo.com/sync?c=30&r=2&j=cr_handle_data_a, line 1: SecurityError: The operation is insecure.
JavaScript error: https://gum.criteo.com/sync?c=30&r=2&j=cr_handle_data_a, line 1: SecurityError: The operation is insecure.
JavaScript error: https://gum.criteo.com/sync?c=30&r=2&j=cr_handle_data_a, line 1: SecurityError: The operation is insecure.
JavaScript error: https://gum.criteo.com/sync?c=30&r=2&j=cr_handle_data_a, line 1: SecurityError: The operation is insecure.
JavaScript error: https://gum.criteo.com/sync?c=30&r=2&j=cr_handle_data_a, line 1: SecurityError: The operation is insecure.
JavaScript error: https://gum.criteo.com/sync?c=30&r=2&j=cr_handle_data_a, line 1: SecurityError: The operation is insecure.
JavaScript error: https://gum.criteo.com/sync?c=30&r=2&j=cr_handle_data_a, line 1: SecurityError: The operation is insecure.
JavaScript error: https://gum.criteo.com/sync?c=30&r=2&j=cr_handle_data_a, line 1: SecurityError: The operation is insecure.
JavaScript error: https://gum.criteo.com/sync?c=30&r=2&j=cr_handle_data_a, line 1: SecurityError: The operation is insecure.
JavaScript error: https://gum.criteo.com/sync?c=30&r=2&j=cr_handle_data_a, line 1: SecurityError: The operation is insecure.
JavaScript error: https://gum.criteo.com/sync?c=30&r=2&j=cr_handle_data_a, line 1: SecurityError: The operation is insecure.
JavaScript error: https://gum.criteo.com/sync?c=30&r=2&j=cr_handle_data_a, line 1: SecurityError: The operation is insecure.
JavaScript error: https://gum.criteo.com/sync?c=30&r=2&j=cr_handle_data_a, line 1: SecurityError: The operation is insecure.
JavaScript error: https://gum.criteo.com/sync?c=30&r=2&j=cr_handle_data_a, line 1: SecurityError: The operation is insecure.
JavaScript error: https://gum.criteo.com/sync?c=30&r=2&j=cr_handle_data_a, line 1: SecurityError: The operation is insecure.
JavaScript error: https://gum.criteo.com/sync?c=30&r=2&j=cr_handle_data_a, line 1: SecurityError: The operation is insecure.
JavaScript error: https://gum.criteo.com/sync?c=30&r=2&j=cr_handle_data_a, line 1: SecurityError: The operation is insecure.
JavaScript error: https://gum.criteo.com/sync?c=30&r=2&j=cr_handle_data_a, line 1: SecurityError: The operation is insecure.
JavaScript error: https://gum.criteo.com/sync?c=30&r=2&j=cr_handle_data_a, line 1: SecurityError: The operation is insecure.
JavaScript error: https://gum.criteo.com/sync?c=30&r=2&j=cr_handle_data_a, line 1: SecurityError: The operation is insecure.
JavaScript error: https://gum.criteo.com/sync?c=30&r=2&j=cr_handle_data_a, line 1: SecurityError: The operation is insecure.
JavaScript error: https://gum.criteo.com/sync?c=30&r=2&j=cr_handle_data_a, line 1: SecurityError: The operation is insecure.
JavaScript error: https://gum.criteo.com/sync?c=30&r=2&j=cr_handle_data_a, line 1: SecurityError: The operation is insecure.
JavaScript error: https://gum.criteo.com/sync?c=30&r=2&j=cr_handle_data_a, line 1: SecurityError: The operation is insecure.
JavaScript error: https://gum.criteo.com/sync?c=30&r=2&j=cr_handle_data_a, line 1: SecurityError: The operation is insecure.
JavaScript error: https://gum.criteo.com/sync?c=30&r=2&j=cr_handle_data_a, line 1: SecurityError: The operation is insecure.
JavaScript error: https://gum.criteo.com/sync?c=30&r=2&j=cr_handle_data_a, line 1: SecurityError: The operation is insecure.
JavaScript error: https://gum.criteo.com/sync?c=30&r=2&j=cr_handle_data_a, line 1: SecurityError: The operation is insecure.
JavaScript error: https://gum.criteo.com/sync?c=30&r=2&j=cr_handle_data_a, line 1: SecurityError: The operation is insecure.
JavaScript error: https://gum.criteo.com/sync?c=30&r=2&j=cr_handle_data_a, line 1: SecurityError: The operation is insecure.
JavaScript error: https://gum.criteo.com/sync?c=30&r=2&j=cr_handle_data_a, line 1: SecurityError: The operation is insecure.
JavaScript error: https://gum.criteo.com/sync?c=30&r=2&j=cr_handle_data_a, line 1: SecurityError: The operation is insecure.
JavaScript error: https://gum.criteo.com/sync?c=30&r=2&j=cr_handle_data_a, line 1: SecurityError: The operation is insecure.
JavaScript error: https://gum.criteo.com/sync?c=30&r=2&j=cr_handle_data_a, line 1: SecurityError: The operation is insecure.
JavaScript error: https://gum.criteo.com/sync?c=30&r=2&j=cr_handle_data_a, line 1: SecurityError: The operation is insecure.
JavaScript error: https://gum.criteo.com/sync?c=30&r=2&j=cr_handle_data_a, line 1: SecurityError: The operation is insecure.
JavaScript error: https://gum.criteo.com/sync?c=30&r=2&j=cr_handle_data_a, line 1: SecurityError: The operation is insecure.
JavaScript error: https://gum.criteo.com/sync?c=30&r=2&j=cr_handle_data_a, line 1: SecurityError: The operation is insecure.
JavaScript error: https://gum.criteo.com/sync?c=30&r=2&j=cr_handle_data_a, line 1: SecurityError: The operation is insecure.
JavaScript error: https://gum.criteo.com/sync?c=30&r=2&j=cr_handle_data_a, line 1: SecurityError: The operation is insecure.
JavaScript error: https://gum.criteo.com/sync?c=30&r=2&j=cr_handle_data_a, line 1: SecurityError: The operation is insecure.
JavaScript error: https://gum.criteo.com/sync?c=30&r=2&j=cr_handle_data_a, line 1: SecurityError: The operation is insecure.
JavaScript error: https://gum.criteo.com/sync?c=30&r=2&j=cr_handle_data_a, line 1: SecurityError: The operation is insecure.
JavaScript error: https://gum.criteo.com/sync?c=30&r=2&j=cr_handle_data_a, line 1: SecurityError: The operation is insecure.
JavaScript error: https://gum.criteo.com/sync?c=30&r=2&j=cr_handle_data_a, line 1: SecurityError: The operation is insecure.
JavaScript error: https://gum.criteo.com/sync?c=30&r=2&j=cr_handle_data_a, line 1: SecurityError: The operation is insecure.
JavaScript error: https://gum.criteo.com/sync?c=30&r=2&j=cr_handle_data_a, line 1: SecurityError: The operation is insecure.
JavaScript error: https://gum.criteo.com/sync?c=30&r=2&j=cr_handle_data_a, line 1: SecurityError: The operation is insecure.
JavaScript error: https://gum.criteo.com/sync?c=30&r=2&j=cr_handle_data_a, line 1: SecurityError: The operation is insecure.
JavaScript error: https://gum.criteo.com/sync?c=30&r=2&j=cr_handle_data_a, line 1: SecurityError: The operation is insecure.
JavaScript error: https://gum.criteo.com/sync?c=30&r=2&j=cr_handle_data_a, line 1: SecurityError: The operation is insecure.
JavaScript error: https://gum.criteo.com/sync?c=30&r=2&j=cr_handle_data_a, line 1: SecurityError: The operation is insecure.
JavaScript error: https://gum.criteo.com/sync?c=30&r=2&j=cr_handle_data_a, line 1: SecurityError: The operation is insecure.
JavaScript error: https://gum.criteo.com/sync?c=30&r=2&j=cr_handle_data_a, line 1: SecurityError: The operation is insecure.
JavaScript error: https://gum.criteo.com/sync?c=30&r=2&j=cr_handle_data_a, line 1: SecurityError: The operation is insecure.
JavaScript error: https://gum.criteo.com/sync?c=30&r=2&j=cr_handle_data_a, line 1: SecurityError: The operation is insecure.
JavaScript error: https://gum.criteo.com/sync?c=30&r=2&j=cr_handle_data_a, line 1: SecurityError: The operation is insecure.
JavaScript error: https://gum.criteo.com/sync?c=30&r=2&j=cr_handle_data_a, line 1: SecurityError: The operation is insecure.
JavaScript error: https://gum.criteo.com/sync?c=30&r=2&j=cr_handle_data_a, line 1: SecurityError: The operation is insecure.
JavaScript error: https://gum.criteo.com/sync?c=30&r=2&j=cr_handle_data_a, line 1: SecurityError: The operation is insecure.
JavaScript error: https://gum.criteo.com/sync?c=30&r=2&j=cr_handle_data_a, line 1: SecurityError: The operation is insecure.
JavaScript error: https://gum.criteo.com/sync?c=30&r=2&j=cr_handle_data_a, line 1: SecurityError: The operation is insecure.
JavaScript error: https://gum.criteo.com/sync?c=30&r=2&j=cr_handle_data_a, line 1: SecurityError: The operation is insecure.
JavaScript error: https://gum.criteo.com/sync?c=30&r=2&j=cr_handle_data_a, line 1: SecurityError: The operation is insecure.
JavaScript error: https://gum.criteo.com/sync?c=30&r=2&j=cr_handle_data_a, line 1: SecurityError: The operation is insecure.
JavaScript error: https://gum.criteo.com/sync?c=30&r=2&j=cr_handle_data_a, line 1: SecurityError: The operation is insecure.
JavaScript error: https://gum.criteo.com/sync?c=30&r=2&j=cr_handle_data_a, line 1: SecurityError: The operation is insecure.
JavaScript error: https://gum.criteo.com/sync?c=30&r=2&j=cr_handle_data_a, line 1: SecurityError: The operation is insecure.
JavaScript error: https://gum.criteo.com/sync?c=30&r=2&j=cr_handle_data_a, line 1: SecurityError: The operation is insecure.
JavaScript error: https://gum.criteo.com/sync?c=30&r=2&j=cr_handle_data_a, line 1: SecurityError: The operation is insecure.
JavaScript error: https://gum.criteo.com/sync?c=30&r=2&j=cr_handle_data_a, line 1: SecurityError: The operation is insecure.
JavaScript error: https://gum.criteo.com/sync?c=30&r=2&j=cr_handle_data_a, line 1: SecurityError: The operation is insecure.
JavaScript error: https://gum.criteo.com/sync?c=30&r=2&j=cr_handle_data_a, line 1: SecurityError: The operation is insecure.
JavaScript error: https://gum.criteo.com/sync?c=30&r=2&j=cr_handle_data_a, line 1: SecurityError: The operation is insecure.
JavaScript error: https://gum.criteo.com/sync?c=30&r=2&j=cr_handle_data_a, line 1: SecurityError: The operation is insecure.
JavaScript error: https://gum.criteo.com/sync?c=30&r=2&j=cr_handle_data_a, line 1: SecurityError: The operation is insecure.
JavaScript error: https://gum.criteo.com/sync?c=30&r=2&j=cr_handle_data_a, line 1: SecurityError: The operation is insecure.
JavaScript error: https://gum.criteo.com/sync?c=30&r=2&j=cr_handle_data_a, line 1: SecurityError: The operation is insecure.
JavaScript error: https://gum.criteo.com/sync?c=30&r=2&j=cr_handle_data_a, line 1: SecurityError: The operation is insecure.
JavaScript error: https://gum.criteo.com/sync?c=30&r=2&j=cr_handle_data_a, line 1: SecurityError: The operation is insecure.
JavaScript error: https://gum.criteo.com/sync?c=30&r=2&j=cr_handle_data_a, line 1: SecurityError: The operation is insecure.
JavaScript error: https://gum.criteo.com/sync?c=30&r=2&j=cr_handle_data_a, line 1: SecurityError: The operation is insecure.
JavaScript error: https://gum.criteo.com/sync?c=30&r=2&j=cr_handle_data_a, line 1: SecurityError: The operation is insecure.
JavaScript error: https://gum.criteo.com/sync?c=30&r=2&j=cr_handle_data_a, line 1: SecurityError: The operation is insecure.
JavaScript error: https://gum.criteo.com/sync?c=30&r=2&j=cr_handle_data_a, line 1: SecurityError: The operation is insecure.
JavaScript error: https://gum.criteo.com/sync?c=30&r=2&j=cr_handle_data_a, line 1: SecurityError: The operation is insecure.
JavaScript error: https://gum.criteo.com/sync?c=30&r=2&j=cr_handle_data_a, line 1: SecurityError: The operation is insecure.
JavaScript error: https://gum.criteo.com/sync?c=30&r=2&j=cr_handle_data_a, line 1: SecurityError: The operation is insecure.
JavaScript error: https://gum.criteo.com/sync?c=30&r=2&j=cr_handle_data_a, line 1: SecurityError: The operation is insecure.
JavaScript error: https://gum.criteo.com/sync?c=30&r=2&j=cr_handle_data_a, line 1: SecurityError: The operation is insecure.
JavaScript error: https://gum.criteo.com/sync?c=30&r=2&j=cr_handle_data_a, line 1: SecurityError: The operation is insecure.
JavaScript error: https://gum.criteo.com/sync?c=30&r=2&j=cr_handle_data_a, line 1: SecurityError: The operation is insecure.
1573513308199	Marionette	INFO	Stopped listening on port 61344
[Parent 2796, Gecko_IOThread] WARNING: pipe error: 109: file z:/task_1572401533/build/src/ipc/chromium/src/chrome/common/ipc_channel_win.cc, line 341
[Parent 2796, Gecko_IOThread] WARNING: pipe error: 109: file z:/task_1572401533/build/src/ipc/chromium/src/chrome/common/ipc_channel_win.cc, line 341
[Child 26308, Chrome_ChildThread] WARNING: pipe error: 109: file z:/task_1572401533/build/src/ipc/chromium/src/chrome/common/ipc_channel_win.cc, line 341
[Child 26308, Chrome_ChildThread] WARNING: p[Parent 2796, Gecko_IOThread] WARNING: pipe error: 109: file z:/task_1572401533/build/src/ipc/chromium/src/chrome/common/ipc_channel_win.cc, line 341
[Child 8604, Chrome_ChildThread] WARNING: pipe error: 109: file z:/task_1572401533/build/src/ipc/chromium/src/chrome/common/ipc_channel_win.cc, line 341
[Child 8604, 1573513314380	mozrunner::runner	INFO	Running command: "C:\\Program Files\\Mozilla Firefox\\firefox.exe" "-marionette" "-headless" "-foreground" "-no-remote" "-profile" "C:\\Users\\Carlos\\AppData\\Local\\Temp\\rust_mozprofile.hCPhs3w8ZA0k"
*** You are running in headless mode.
1573513314691	addons.webextension.screenshots@mozilla.org	WARN	Loading extension 'screenshots@mozilla.org': Reading manifest: Invalid extension permission: mozillaAddons
1573513314691	addons.webextension.screenshots@mozilla.org	WARN	Loading extension 'screenshots@mozilla.org': Reading manifest: Invalid extension permission: telemetry
1573513314691	addons.webextension.screenshots@mozilla.org	WARN	Loading extension 'screenshots@mozilla.org': Reading manifest: Invalid extension permission: resource://pdf.js/
1573513314691	addons.webextension.screenshots@mozilla.org	WARN	Loading extension 'screenshots@mozilla.org': Reading manifest: Invalid extension permission: about:reader*
JavaScript error: resource://gre/modules/XULStore.jsm, line 66: Error: Can't find profile directory.
1573513315851	Marionette	INFO	Listening on port 61924
1573513315989	Marionette	WARN	TLS certificate errors will be ignored for this session
JavaScript error: https://s.dcdn.es/easyad/2019/05/1557765625-25639/index.html?OASClicUrlSegundamano=https%3A%2F%2Fwww.vibbo.com%2Ftienda%2F%3Fca%3D28_s%26id%3D49141&OASClicUrlFotocasa=https%3A%2F%2Fwww.fotocasa.es%2Finmobiliarias%2Ftecnocasa-parla-sur-y-parla-este-9202753415106%3Fmb_ci%3D724%26mb_ll2%3D28%26mb_ll5%3D28106%26tti%3D1&OASClickBackground=1&OASClickTag=https%3A%2F%2Fams1-ib.adnxs.com%2Fclick%3FAAAAAAAAAAAAAAAAAAAAAAAAAMD1KBZAAAAAAAAAAAAAAAAAAAAAANFwopJ8aicgAacy2KjgsA2K6MldAAAAANIKlQDgDAAA4AwAAAIAAACZF3sJvboQAAAAAABVU0QARVVSANQDWgAZQgAAAAABAQMCAAAAALQAihZEuAAAAAA.%2Fbcr%3DAAAAAAAA8D8%3D%2Fcnd%3D%2521yhC5XAjAwbMMEJmv7EsYvfVCIAQoADEAAAAAAAAAADoJQU1TMTo0MTY1QKgVSQrXo3A9Cu0_UQAAAAAAAAAAWQAAAAAAAAAAYQAAAAAAAAAAaQAAAAAAAAAAcQAAAAAAAAAAeAA.%2Fcca%3DMzI5NiNBTVMxOjQxNjU%3D%2Fbn%3D88753%2Fclickenc%3D&OASPlacementGroup=2408969, line 112: SecurityError: Permission denied to access property "CAvars" on cross-origin object
JavaScript error: https://gum.criteo.com/sync?c=30&r=2&j=cr_handle_data_a, line 1: SecurityError: The operation is insecure.
JavaScript error: https://gum.criteo.com/sync?c=30&r=2&j=cr_handle_data_a, line 1: SecurityError: The operation is insecure.
JavaScript error: https://gum.criteo.com/sync?c=30&r=2&j=cr_handle_data_a, line 1: SecurityError: The operation is insecure.
JavaScript error: https://gum.criteo.com/sync?c=30&r=2&j=cr_handle_data_a, line 1: SecurityError: The operation is insecure.
JavaScript error: https://gum.criteo.com/sync?c=30&r=2&j=cr_handle_data_a, line 1: SecurityError: The operation is insecure.
JavaScript error: https://s.dcdn.es/easyad/2019/11/1572965005-91170/index.html?OASClicUrlSegundamano=&OASClicUrlFotocasa=&OASClicUrlCoches=&OASClicUrlMotos=&OASClicUrlInfojobs=&OASClicUrlMilanuncios=&OASClickBackground=1&OASClicUrlPhone=&OASClickTag=https%3A%2F%2Fams1-ib.adnxs.com%2Fclick%3FAAAAAAAAAAAAAAAAAAAAAAAAAMD1KBZAAAAAAAAAAAAAAAAAAAAAAHekycc4AssQoxNnEFrzclYX68ldAAAAANIKlQDgDAAA4AwAAAIAAABxuGELvboQAAAAAABVU0QARVVSANQDWgAZQgAAAAABAQMCAAAAALQA5BWdfQAAAAA.%2Fbcr%3DAAAAAAAA8D8%3D%2Fcnd%3D%2521vxCHWAithLkNEPHwhlsYvfVCIAQoADEAAAAAAAAAADoJQU1TMTo0MTYwQKgVSQrXo3A9Cu0_UQAAAAAAAAAAWQAAAAAAAAAAYQAAAAAAAAAAaQAAAAAAAAAAcQAAAAAAAAAAeAA.%2Fcca%3DMzI5NiNBTVMxOjQxNjA%3D%2Fbn%3D83994%2Fclickenc%3Dhttp%3A%2F%2Fwww.prolucisa.com%2F&OASPlacementGroup=2408969, line 112: SecurityError: Permission denied to access property "CAvars" on cross-origin object
JavaScript error: https://gum.criteo.com/sync?c=30&r=2&j=cr_handle_data_a, line 1: SecurityError: The operation is insecure.
JavaScript error: https://gum.criteo.com/sync?c=30&r=2&j=cr_handle_data_a, line 1: SecurityError: The operation is insecure.
JavaScript error: https://gum.criteo.com/sync?c=30&r=2&j=cr_handle_data_a, line 1: SecurityError: The operation is insecure.
JavaScript error: https://gum.criteo.com/sync?c=30&r=2&j=cr_handle_data_a, line 1: SecurityError: The operation is insecure.
JavaScript error: https://frtassets.fotocasa.es/vendor.7efeae36.js, line 2: Error: Request aborted
JavaScript error: https://frtassets.fotocasa.es/vendor.7efeae36.js, line 2: Error: Request aborted
JavaScript error: https://frtassets.fotocasa.es/vendor.7efeae36.js, line 2: Error: Request aborted
JavaScript error: https://gum.criteo.com/sync?c=30&r=2&j=cr_handle_data_a, line 1: SecurityError: The operation is insecure.
JavaScript error: https://frtassets.fotocasa.es/vendor.7efeae36.js, line 2: Error: Request aborted
JavaScript error: https://gum.criteo.com/sync?c=30&r=2&j=cr_handle_data_a, line 1: SecurityError: The operation is insecure.
JavaScript error: https://gum.criteo.com/sync?c=30&r=2&j=cr_handle_data_a, line 1: SecurityError: The operation is insecure.
JavaScript error: https://gum.criteo.com/sync?c=30&r=2&j=cr_handle_data_a, line 1: SecurityError: The operation is insecure.
JavaScript error: https://gum.criteo.com/sync?c=30&r=2&j=cr_handle_data_a, line 1: SecurityError: The operation is insecure.
JavaScript error: https://frtassets.fotocasa.es/vendor.7efeae36.js, line 2: Error: Request aborted
JavaScript error: https://gum.criteo.com/sync?c=30&r=2&j=cr_handle_data_a, line 1: SecurityError: The operation is insecure.
JavaScript error: https://s.dcdn.es/easyad/2019/10/1570605594-17214/index.html?OASClicUrlSegundamano=https%3A%2F%2Fwww.habitaclia.com%2Finmobiliaria-inmobiliaria__5a_avenida_16470_1%2F&OASClicUrlFotocasa=https%3A%2F%2Fwww.fotocasa.es%2Fes%2Finmobiliaria-inmobiliaria-5-avenida%2Fcomprar%2Finmuebles%2Fespana%2Ftodas-las-zonas%2Fl%3FclientId%3D9202754208870&OASClickBackground=1&OASClickTag=https%3A%2F%2Fams1-ib.adnxs.com%2Fclick%3FAAAAAAAAAAAAAAAAAAAAAAAAAMD1KBZAAAAAAAAAAAAAAAAAAAAAAKqrM60amj06fOwP2T8t4CiJ9MldAAAAANIKlQDgDAAA4AwAAAIAAABzNhALvboQAAAAAABVU0QARVVSANQDWgAZQgAAAAABAQMCAAAAALQAsBVVgwAAAAA.%2Fbcr%3DAAAAAAAA8D8%3D%2Fcnd%3D%2521qhB7TgiDiZEIEPPswFgYvfVCIAQoADEAAAAAAAAAADoJQU1TMTozOTM0QKgVSQrXo3A9Cu0_UQAAAAAAAAAAWQAAAAAAAAAAYQAAAAAAAAAAaQAAAAAAAAAAcQAAAAAAAAAAeAA.%2Fcca%3DMzI5NiNBTVMxOjM5MzQ%3D%2Fbn%3D84008%2Fclickenc%3D&OASPlacementGroup=2408969, line 112: SecurityError: Permission denied to access property "CAvars" on cross-origin object
JavaScript error: https://gum.criteo.com/sync?c=30&r=2&j=cr_handle_data_a, line 1: SecurityError: The operation is insecure.
JavaScript error: , line 0: TypeError: NetworkError when attempting to fetch resource.
JavaScript error: , line 0: TypeError: NetworkError when attempting to fetch resource.
JavaScript error: https://gum.criteo.com/sync?c=30&r=2&j=cr_handle_data_a, line 1: SecurityError: The operation is insecure.
JavaScript error: https://gum.criteo.com/sync?c=30&r=2&j=cr_handle_data_a, line 1: SecurityError: The operation is insecure.
JavaScript error: https://gum.criteo.com/sync?c=30&r=2&j=cr_handle_data_a, line 1: SecurityError: The operation is insecure.
JavaScript error: https://gum.criteo.com/sync?c=30&r=2&j=cr_handle_data_a, line 1: SecurityError: The operation is insecure.
JavaScript error: https://gum.criteo.com/sync?c=30&r=2&j=cr_handle_data_a, line 1: SecurityError: The operation is insecure.
JavaScript error: https://gum.criteo.com/sync?c=30&r=2&j=cr_handle_data_a, line 1: SecurityError: The operation is insecure.
JavaScript error: https://gum.criteo.com/sync?c=30&r=2&j=cr_handle_data_a, line 1: SecurityError: The operation is insecure.
JavaScript error: https://gum.criteo.com/sync?c=30&r=2&j=cr_handle_data_a, line 1: SecurityError: The operation is insecure.
JavaScript error: https://gum.criteo.com/sync?c=30&r=2&j=cr_handle_data_a, line 1: SecurityError: The operation is insecure.
JavaScript error: https://gum.criteo.com/sync?c=30&r=2&j=cr_handle_data_a, line 1: SecurityError: The operation is insecure.
JavaScript error: https://gum.criteo.com/sync?c=30&r=2&j=cr_handle_data_a, line 1: SecurityError: The operation is insecure.
JavaScript error: https://gum.criteo.com/sync?c=30&r=2&j=cr_handle_data_a, line 1: SecurityError: The operation is insecure.
JavaScript error: https://gum.criteo.com/sync?c=30&r=2&j=cr_handle_data_a, line 1: SecurityError: The operation is insecure.
JavaScript error: https://gum.criteo.com/sync?c=30&r=2&j=cr_handle_data_a, line 1: SecurityError: The operation is insecure.
JavaScript error: https://gum.criteo.com/sync?c=30&r=2&j=cr_handle_data_a, line 1: SecurityError: The operation is insecure.
JavaScript error: https://frtassets.fotocasa.es/vendor.7efeae36.js, line 2: Error: Request aborted
JavaScript error: https://gum.criteo.com/sync?c=30&r=2&j=cr_handle_data_a, line 1: SecurityError: The operation is insecure.
JavaScript error: https://gum.criteo.com/sync?c=30&r=2&j=cr_handle_data_a, line 1: SecurityError: The operation is insecure.
JavaScript error: https://gum.criteo.com/sync?c=30&r=2&j=cr_handle_data_a, line 1: SecurityError: The operation is insecure.
JavaScript error: https://frtassets.fotocasa.es/vendor.7efeae36.js, line 2: Error: Request aborted
JavaScript error: https://gum.criteo.com/sync?c=30&r=2&j=cr_handle_data_a, line 1: SecurityError: The operation is insecure.
JavaScript error: https://frtassets.fotocasa.es/vendor.7efeae36.js, line 2: Error: Request aborted
JavaScript error: https://frtassets.fotocasa.es/vendor.7efeae36.js, line 2: Error: Request aborted
JavaScript error: https://frtassets.fotocasa.es/vendor.7efeae36.js, line 2: Error: Request aborted
JavaScript error: https://frtassets.fotocasa.es/vendor.7efeae36.js, line 2: Error: Request aborted
JavaScript error: https://gum.criteo.com/sync?c=30&r=2&j=cr_handle_data_a, line 1: SecurityError: The operation is insecure.
JavaScript error: https://gum.criteo.com/sync?c=30&r=2&j=cr_handle_data_a, line 1: SecurityError: The operation is insecure.
JavaScript error: , line 0: TypeError: NetworkError when attempting to fetch resource.
JavaScript error: https://gum.criteo.com/sync?c=30&r=2&j=cr_handle_data_a, line 1: SecurityError: The operation is insecure.
JavaScript error: https://gum.criteo.com/sync?c=30&r=2&j=cr_handle_data_a, line 1: SecurityError: The operation is insecure.
JavaScript error: https://gum.criteo.com/sync?c=30&r=2&j=cr_handle_data_a, line 1: SecurityError: The operation is insecure.
JavaScript error: https://gum.criteo.com/sync?c=30&r=2&j=cr_handle_data_a, line 1: SecurityError: The operation is insecure.
JavaScript error: https://gum.criteo.com/sync?c=30&r=2&j=cr_handle_data_a, line 1: SecurityError: The operation is insecure.
JavaScript error: https://gum.criteo.com/sync?c=30&r=2&j=cr_handle_data_a, line 1: SecurityError: The operation is insecure.
JavaScript error: https://gum.criteo.com/sync?c=30&r=2&j=cr_handle_data_a, line 1: SecurityError: The operation is insecure.
JavaScript error: https://gum.criteo.com/sync?c=30&r=2&j=cr_handle_data_a, line 1: SecurityError: The operation is insecure.
JavaScript error: https://gum.criteo.com/sync?c=30&r=2&j=cr_handle_data_a, line 1: SecurityError: The operation is insecure.
JavaScript error: , line 0: TypeError: NetworkError when attempting to fetch resource.
JavaScript error: https://frtassets.fotocasa.es/vendor.7efeae36.js, line 2: Error: Request aborted
JavaScript error: https://frtassets.fotocasa.es/vendor.7efeae36.js, line 2: Error: Request aborted
JavaScript error: , line 0: TypeError: NetworkError when attempting to fetch resource.
JavaScript error: https://frtassets.fotocasa.es/vendor.7efeae36.js, line 2: Error: Request aborted
JavaScript error: https://frtassets.fotocasa.es/vendor.7efeae36.js, line 2: Error: Request aborted
JavaScript error: https://frtassets.fotocasa.es/vendor.7efeae36.js, line 2: Error: Request aborted
JavaScript error: https://frtassets.fotocasa.es/vendor.7efeae36.js, line 2: Error: Request aborted
JavaScript error: https://frtassets.fotocasa.es/vendor.7efeae36.js, line 2: Error: Request aborted
JavaScript error: https://frtassets.fotocasa.es/vendor.7efeae36.js, line 2: Error: Request aborted
JavaScript error: https://frtassets.fotocasa.es/vendor.7efeae36.js, line 2: Error: Request aborted
JavaScript error: https://frtassets.fotocasa.es/vendor.7efeae36.js, line 2: Error: Request aborted
JavaScript error: https://frtassets.fotocasa.es/vendor.7efeae36.js, line 2: Error: Request aborted
JavaScript error: https://frtassets.fotocasa.es/vendor.7efeae36.js, line 2: Error: Request aborted
JavaScript error: https://frtassets.fotocasa.es/vendor.7efeae36.js, line 2: Error: Request aborted
JavaScript error: https://frtassets.fotocasa.es/vendor.7efeae36.js, line 2: Error: Request aborted
JavaScript error: https://frtassets.fotocasa.es/vendor.7efeae36.js, line 2: Error: Request aborted
JavaScript error: https://frtassets.fotocasa.es/vendor.7efeae36.js, line 2: Error: Request aborted
JavaScript error: https://frtassets.fotocasa.es/vendor.7efeae36.js, line 2: Error: Request aborted
JavaScript error: https://frtassets.fotocasa.es/vendor.7efeae36.js, line 2: Error: Request aborted
JavaScript error: https://gum.criteo.com/sync?c=30&r=2&j=cr_handle_data_a, line 1: SecurityError: The operation is insecure.
JavaScript error: https://gum.criteo.com/sync?c=30&r=2&j=cr_handle_data_a, line 1: SecurityError: The operation is insecure.
JavaScript error: https://s.dcdn.es/easyad/2019/10/1570605594-17214/index.html?OASClicUrlSegundamano=https%3A%2F%2Fwww.habitaclia.com%2Finmobiliaria-inmobiliaria__5a_avenida_16470_1%2F&OASClicUrlFotocasa=https%3A%2F%2Fwww.fotocasa.es%2Fes%2Finmobiliaria-inmobiliaria-5-avenida%2Fcomprar%2Finmuebles%2Fespana%2Ftodas-las-zonas%2Fl%3FclientId%3D9202754208870&OASClickBackground=1&OASClickTag=https%3A%2F%2Ffra1-ib.adnxs.com%2Fclick%3FAAAAAAAAAAAAAAAAAAAAAAAAAMD1KBZAAAAAAAAAAAAAAAAAAAAAAIF0UGNpS6EB0Ec_31kehBbvA8pdAAAAANIKlQDgDAAA4AwAAAIAAABzNhALvroQAAAAAABVU0QARVVSANQDWgAZQgAAAAABAQMCAAAAALQARxStFwAAAAA.%2Fbcr%3DAAAAAAAA8D8%3D%2Fcnd%3D%2521oBAbTAiDiZEIEPPswFgYvvVCIAQoADEAAAAAAAAAADoJRlJBMTo0ODEzQKgVSQrXo3A9Cu0_UQAAAAAAAAAAWQAAAAAAAAAAYQAAAAAAAAAAaQAAAAAAAAAAcQAAAAAAAAAAeAA.%2Fcca%3DMzI5NiNGUkExOjQ4MTM%3D%2Fbn%3D89099%2Fclickenc%3D&OASPlacementGroup=2408969, line 112: SecurityError: Permission denied to access property "CAvars" on cross-origin object
JavaScript error: https://frtassets.fotocasa.es/vendor.7efeae36.js, line 2: Error: Request aborted
JavaScript error: , line 0: TypeError: NetworkError when attempting to fetch resource.
JavaScript error: , line 0: TypeError: NetworkError when attempting to fetch resource.
JavaScript error: https://frtassets.fotocasa.es/vendor.7efeae36.js, line 2: Error: Request aborted
JavaScript error: https://frtassets.fotocasa.es/vendor.7efeae36.js, line 2: Error: Request aborted
JavaScript error: https://frtassets.fotocasa.es/vendor.7efeae36.js, line 2: Error: Request aborted
JavaScript error: https://frtassets.fotocasa.es/vendor.7efeae36.js, line 2: Error: Request aborted
JavaScript error: https://frtassets.fotocasa.es/vendor.7efeae36.js, line 2: Error: Request aborted
JavaScript error: , line 0: TypeError: NetworkError when attempting to fetch resource.
JavaScript error: https://frtassets.fotocasa.es/vendor.7efeae36.js, line 2: Error: Request aborted
JavaScript error: https://frtassets.fotocasa.es/vendor.7efeae36.js, line 2: Error: Request aborted
JavaScript error: https://frtassets.fotocasa.es/vendor.7efeae36.js, line 2: Error: Request aborted
JavaScript error: , line 0: TypeError: NetworkError when attempting to fetch resource.
1573521317028	Marionette	INFO	Stopped listening on port 61924
[Parent 26380, Gecko_IOThread] WARNING: pipe error: 109: file z:/task_1572401533/build/src/ipc/chromium/src/chrome/common/ipc_channel_win.cc, line 341
[Parent 26380, Gecko_IOThread] WARNING: pipe error: 109: file z:/task_1572401533/build/src/ipc/chromium/src/chrome/common/ipc_channel_win.cc, line 341
[Child 189
###!!! [Child][RunMessage] Error: Channel closing: too late to send/recv, messages will be lost

00, Chrome_ChildThread] WARNING: pipe error: 109: file z:/task_1572401533/build/src/ipc/chromium/src/chrome/common/ipc_channel_win.cc, line 341
[Child 18900, Chrome_ChildThread] WARNING: pipe error: 109: file z:/task_1572401533/build/src/ipc/chromium[Parent 26380, Gecko_IOThread] WARNING: pipe error: 109: file z:/task_1572401533/build/src/ipc/chromium/src/chrome/common/ipc_channel_win.cc, line 341
console.error: (new Error("Connection closed before committing the transaction.", "resource://gre/modules/Sqlite.jsm", 683))
